// Jest Snapshot v1, https://goo.gl/fbAQLP

exports[`EditMovieModal Component should render the correct structure 1`] = `
<DocumentFragment>
  <div
    class="modal"
  >
    <section
      class="modalMain"
    >
      <button
        class="default closeButton"
        type="button"
      >
        <i
          class="fa"
        />
      </button>
      <div
        class="modalBody"
      >
        <section
          class="editCard"
        >
          <span
            class="title"
          >
            ADD MOVIE
          </span>
          <form>
            <div>
              <div
                class="inputContainer"
              >
                <label
                  class="inputLabel"
                  for="title"
                >
                  TITLE
                </label>
                <input
                  class="inputField"
                  id="title"
                  name="title"
                  placeholder="Title here"
                  type="text"
                  value=""
                />
              </div>
              <div
                class="inputContainer"
              >
                <label
                  class="inputLabel"
                  for="releaseDate"
                >
                  RELEASE DATE
                </label>
                <input
                  class="inputField"
                  id="releaseDate"
                  name="releaseDate"
                  placeholder="Select Date"
                  type="text"
                  value=""
                />
              </div>
              <div
                class="inputContainer"
              >
                <label
                  class="inputLabel"
                  for="posterPath"
                >
                  MOVIE URL
                </label>
                <input
                  class="inputField"
                  id="posterPath"
                  name="posterPath"
                  placeholder="Movie URL here"
                  type="text"
                  value=""
                />
              </div>
              <div
                class="inputContainer"
              >
                <label
                  class="inputLabel"
                  for="genres"
                >
                  GENRE
                </label>
                <input
                  class="inputField"
                  id="genres"
                  name="genres"
                  placeholder="Genres"
                  type="text"
                  value=""
                />
              </div>
              <div
                class="inputContainer"
              >
                <label
                  class="inputLabel"
                  for="overview"
                >
                  OVERVIEW
                </label>
                <input
                  class="inputField"
                  id="overview"
                  name="overview"
                  placeholder="Overview here"
                  type="text"
                  value=""
                />
              </div>
              <div
                class="inputContainer"
              >
                <label
                  class="inputLabel"
                  for="runtime"
                >
                  RUNTIME
                </label>
                <input
                  class="inputField"
                  id="runtime"
                  name="runtime"
                  placeholder="Runtime here"
                  type="number"
                  value="0"
                />
              </div>
            </div>
            <div
              class="footer"
            >
              <button
                class="default footerButton resetButton"
                type="button"
              >
                RESET
              </button>
              <button
                class="default footerButton submitButton"
                type="submit"
              >
                SUBMIT
              </button>
            </div>
          </form>
        </section>
      </div>
    </section>
  </div>
</DocumentFragment>
`;
