// Jest Snapshot v1, https://goo.gl/fbAQLP

exports[`App Component should render the correct structure 1`] = `
<DocumentFragment>
  <div
    class="app"
  >
    <header
      class="header"
    >
      <div
        class="overlay"
      >
        <div
          class="topSection"
        >
          <span
            class="appLogo"
          >
            <b>
              netflix
            </b>
            roulette
          </span>
          <button
            class="default buttonTop"
            type="button"
          >
            <i
              class="fa"
            />
             ADD MOVIE
          </button>
        </div>
        <div
          class="mainSection"
        >
          <span
            class="searchTitle"
          >
            FIND YOUR MOVIE
          </span>
          <div
            class="searchSection"
          >
            <div
              class="searchBar"
            >
              <input
                placeholder="What do you want to watch?"
                type="text"
                value=""
              />
            </div>
            <button
              class="default searchMoviesButton"
              type="button"
            >
              SEARCH
            </button>
          </div>
        </div>
      </div>
    </header>
    <div
      class="noContent"
    />
    <footer
      class="footer"
    >
      <span
        class="appLogo"
      >
        <b>
          netflix
        </b>
        roulette
      </span>
    </footer>
  </div>
</DocumentFragment>
`;
