// Jest Snapshot v1, https://goo.gl/fbAQLP

exports[`TopSection Component should render the correct structure 1`] = `
<DocumentFragment>
  <header
    class="header"
  >
    <div
      class="overlay"
    >
      <div
        class="container"
      >
        <div
          class="topSection"
        >
          <span
            class="appLogo"
          >
            <b>
              netflix
            </b>
            roulette
          </span>
          <button
            class="default buttonTop buttonAddMovie"
            type="button"
          >
            <i
              class="fa"
            />
             ADD MOVIE
          </button>
        </div>
        <div
          class="mainSection"
        >
          <span
            class="searchTitle"
          >
            FIND YOUR MOVIE
          </span>
          <div
            class="searchSection"
          >
            <div
              class="searchBar"
            >
              <input
                placeholder="What do you want to watch?"
                type="text"
              />
            </div>
            <button
              class="default searchMoviesButton"
              type="button"
            >
              SEARCH
            </button>
          </div>
        </div>
      </div>
    </div>
  </header>
</DocumentFragment>
`;
